// Jest Snapshot v1, https://goo.gl/fbAQLP

exports[`The GameLevel it renders 1`] = `
<div
  className="game-level"
>
  <div
    className="game-level__controls"
  >
    <button
      onClick={[Function]}
    >
      Play Level
    </button>
  </div>
  <div
    className="game-board"
  >
    <div
      className="game-board__tile game-board__tile--static"
    >
      <div
        className="game-board__tile__card__face game-board__tile__card"
      >
        <div
          className="game-board__tile__card__face game-board__tile__card__face--front"
        />
      </div>
    </div>
    <div
      className="game-board__tile game-board__tile--static"
    >
      <div
        className="game-board__tile__card__face game-board__tile__card"
      >
        <div
          className="game-board__tile__card__face game-board__tile__card__face--front"
        />
      </div>
    </div>
    <div
      className="game-board__tile game-board__tile--static"
    >
      <div
        className="game-board__tile__card__face game-board__tile__card"
      >
        <div
          className="game-board__tile__card__face game-board__tile__card__face--front"
        />
      </div>
    </div>
    <div
      className="game-board__tile game-board__tile--static"
    >
      <div
        className="game-board__tile__card__face game-board__tile__card"
      >
        <div
          className="game-board__tile__card__face game-board__tile__card__face--front"
        />
      </div>
    </div>
    <div
      className="game-board__tile game-board__tile--static"
    >
      <div
        className="game-board__tile__card__face game-board__tile__card"
      >
        <div
          className="game-board__tile__card__face game-board__tile__card__face--front"
        />
      </div>
    </div>
    <div
      className="game-board__tile game-board__tile--static"
    >
      <div
        className="game-board__tile__card__face game-board__tile__card"
      >
        <div
          className="game-board__tile__card__face game-board__tile__card__face--front"
        />
      </div>
    </div>
    <div
      className="game-board__tile game-board__tile--static"
    >
      <div
        className="game-board__tile__card__face game-board__tile__card"
      >
        <div
          className="game-board__tile__card__face game-board__tile__card__face--front"
        />
      </div>
    </div>
    <div
      className="game-board__tile game-board__tile--static"
    >
      <div
        className="game-board__tile__card__face game-board__tile__card"
      >
        <div
          className="game-board__tile__card__face game-board__tile__card__face--front"
        />
      </div>
    </div>
    <div
      className="game-board__tile game-board__tile--static"
    >
      <div
        className="game-board__tile__card__face game-board__tile__card"
      >
        <div
          className="game-board__tile__card__face game-board__tile__card__face--front"
        />
      </div>
    </div>
    <div
      className="game-board__tile game-board__tile--static"
    >
      <div
        className="game-board__tile__card__face game-board__tile__card"
      >
        <div
          className="game-board__tile__card__face game-board__tile__card__face--front"
        />
      </div>
    </div>
    <div
      className="game-board__tile game-board__tile--static"
    >
      <div
        className="game-board__tile__card__face game-board__tile__card"
      >
        <div
          className="game-board__tile__card__face game-board__tile__card__face--front"
        />
      </div>
    </div>
    <div
      className="game-board__tile game-board__tile--static"
    >
      <div
        className="game-board__tile__card__face game-board__tile__card"
      >
        <div
          className="game-board__tile__card__face game-board__tile__card__face--front"
        />
      </div>
    </div>
    <div
      className="game-board__tile game-board__tile--static"
    >
      <div
        className="game-board__tile__card__face game-board__tile__card"
      >
        <div
          className="game-board__tile__card__face game-board__tile__card__face--front"
        />
      </div>
    </div>
    <div
      className="game-board__tile game-board__tile--static"
    >
      <div
        className="game-board__tile__card__face game-board__tile__card"
      >
        <div
          className="game-board__tile__card__face game-board__tile__card__face--front"
        />
      </div>
    </div>
    <div
      className="game-board__tile game-board__tile--static"
    >
      <div
        className="game-board__tile__card__face game-board__tile__card"
      >
        <div
          className="game-board__tile__card__face game-board__tile__card__face--front"
        />
      </div>
    </div>
    <div
      className="game-board__tile game-board__tile--static"
    >
      <div
        className="game-board__tile__card__face game-board__tile__card"
      >
        <div
          className="game-board__tile__card__face game-board__tile__card__face--front"
        />
      </div>
    </div>
    <div
      className="game-board__tile game-board__tile--static"
    >
      <div
        className="game-board__tile__card__face game-board__tile__card"
      >
        <div
          className="game-board__tile__card__face game-board__tile__card__face--front"
        />
      </div>
    </div>
    <div
      className="game-board__tile game-board__tile--static"
    >
      <div
        className="game-board__tile__card__face game-board__tile__card"
      >
        <div
          className="game-board__tile__card__face game-board__tile__card__face--front"
        />
      </div>
    </div>
    <div
      className="game-board__tile game-board__tile--static"
    >
      <div
        className="game-board__tile__card__face game-board__tile__card"
      >
        <div
          className="game-board__tile__card__face game-board__tile__card__face--front"
        />
      </div>
    </div>
    <div
      className="game-board__tile game-board__tile--static"
    >
      <div
        className="game-board__tile__card__face game-board__tile__card"
      >
        <div
          className="game-board__tile__card__face game-board__tile__card__face--front"
        />
      </div>
    </div>
    <div
      className="game-board__tile game-board__tile--static"
    >
      <div
        className="game-board__tile__card__face game-board__tile__card"
      >
        <div
          className="game-board__tile__card__face game-board__tile__card__face--front"
        />
      </div>
    </div>
    <div
      className="game-board__tile game-board__tile--static"
    >
      <div
        className="game-board__tile__card__face game-board__tile__card"
      >
        <div
          className="game-board__tile__card__face game-board__tile__card__face--front"
        />
      </div>
    </div>
    <div
      className="game-board__tile game-board__tile--static"
    >
      <div
        className="game-board__tile__card__face game-board__tile__card"
      >
        <div
          className="game-board__tile__card__face game-board__tile__card__face--front"
        />
      </div>
    </div>
    <div
      className="game-board__tile game-board__tile--static"
    >
      <div
        className="game-board__tile__card__face game-board__tile__card"
      >
        <div
          className="game-board__tile__card__face game-board__tile__card__face--front"
        />
      </div>
    </div>
  </div>
</div>
`;
