// Jest Snapshot v1, https://goo.gl/fbAQLP

exports[`The GameLevel it renders 1`] = `
<div
  className="game-level"
>
  <div
    className="game-board"
  >
    <div
      className="game-board__tile"
    />
    <div
      className="game-board__tile"
    />
    <div
      className="game-board__tile"
    />
    <div
      className="game-board__tile"
    />
    <div
      className="game-board__tile"
    />
    <div
      className="game-board__tile"
    />
    <div
      className="game-board__tile"
    />
    <div
      className="game-board__tile"
    />
    <div
      className="game-board__tile"
    />
    <div
      className="game-board__tile"
    />
    <div
      className="game-board__tile"
    />
    <div
      className="game-board__tile"
    />
    <div
      className="game-board__tile"
    />
    <div
      className="game-board__tile"
    />
    <div
      className="game-board__tile"
    />
    <div
      className="game-board__tile"
    />
    <div
      className="game-board__tile"
    />
    <div
      className="game-board__tile"
    />
    <div
      className="game-board__tile"
    />
    <div
      className="game-board__tile"
    />
    <div
      className="game-board__tile"
    />
    <div
      className="game-board__tile"
    />
    <div
      className="game-board__tile"
    />
    <div
      className="game-board__tile"
    />
  </div>
  <div
    className="game-level__controls"
  >
    <button
      onClick={[Function]}
    >
      Play
    </button>
  </div>
</div>
`;
