// Jest Snapshot v1, https://goo.gl/fbAQLP

exports[`The level when its playing renders a blank board on load 1`] = `
<div>
  <div
    className="game-board"
  >
    <div
      className="game-board__tile"
      onClick={[Function]}
    />
    <div
      className="game-board__tile"
      onClick={[Function]}
    />
    <div
      className="game-board__tile"
      onClick={[Function]}
    />
    <div
      className="game-board__tile"
      onClick={[Function]}
    />
    <div
      className="game-board__tile"
      onClick={[Function]}
    />
    <div
      className="game-board__tile"
      onClick={[Function]}
    />
    <div
      className="game-board__tile"
      onClick={[Function]}
    />
    <div
      className="game-board__tile"
      onClick={[Function]}
    />
    <div
      className="game-board__tile"
      onClick={[Function]}
    />
    <div
      className="game-board__tile"
      onClick={[Function]}
    />
    <div
      className="game-board__tile"
      onClick={[Function]}
    />
    <div
      className="game-board__tile"
      onClick={[Function]}
    />
    <div
      className="game-board__tile"
      onClick={[Function]}
    />
    <div
      className="game-board__tile"
      onClick={[Function]}
    />
    <div
      className="game-board__tile"
      onClick={[Function]}
    />
    <div
      className="game-board__tile"
      onClick={[Function]}
    />
    <div
      className="game-board__tile"
      onClick={[Function]}
    />
    <div
      className="game-board__tile"
      onClick={[Function]}
    />
    <div
      className="game-board__tile"
      onClick={[Function]}
    />
    <div
      className="game-board__tile"
      onClick={[Function]}
    />
    <div
      className="game-board__tile"
      onClick={[Function]}
    />
    <div
      className="game-board__tile"
      onClick={[Function]}
    />
    <div
      className="game-board__tile"
      onClick={[Function]}
    />
    <div
      className="game-board__tile"
      onClick={[Function]}
    />
  </div>
  <div>
    <p>
      Turns: 
      0
       
    </p>
  </div>
</div>
`;
