// Jest Snapshot v1, https://goo.gl/fbAQLP

exports[`The level when its ready it renders 1`] = `
<div
  className="game-board"
>
  <div
    className="game-board__tile game-board__tile--static"
  >
    <div
      className="game-board__tile__card__face game-board__tile__card"
    >
      <div
        className="game-board__tile__card__face game-board__tile__card__face--front"
      />
    </div>
  </div>
  <div
    className="game-board__tile game-board__tile--static"
  >
    <div
      className="game-board__tile__card__face game-board__tile__card"
    >
      <div
        className="game-board__tile__card__face game-board__tile__card__face--front"
      />
    </div>
  </div>
  <div
    className="game-board__tile game-board__tile--static"
  >
    <div
      className="game-board__tile__card__face game-board__tile__card"
    >
      <div
        className="game-board__tile__card__face game-board__tile__card__face--front"
      />
    </div>
  </div>
  <div
    className="game-board__tile game-board__tile--static"
  >
    <div
      className="game-board__tile__card__face game-board__tile__card"
    >
      <div
        className="game-board__tile__card__face game-board__tile__card__face--front"
      />
    </div>
  </div>
  <div
    className="game-board__tile game-board__tile--static"
  >
    <div
      className="game-board__tile__card__face game-board__tile__card"
    >
      <div
        className="game-board__tile__card__face game-board__tile__card__face--front"
      />
    </div>
  </div>
  <div
    className="game-board__tile game-board__tile--static"
  >
    <div
      className="game-board__tile__card__face game-board__tile__card"
    >
      <div
        className="game-board__tile__card__face game-board__tile__card__face--front"
      />
    </div>
  </div>
  <div
    className="game-board__tile game-board__tile--static"
  >
    <div
      className="game-board__tile__card__face game-board__tile__card"
    >
      <div
        className="game-board__tile__card__face game-board__tile__card__face--front"
      />
    </div>
  </div>
  <div
    className="game-board__tile game-board__tile--static"
  >
    <div
      className="game-board__tile__card__face game-board__tile__card"
    >
      <div
        className="game-board__tile__card__face game-board__tile__card__face--front"
      />
    </div>
  </div>
  <div
    className="game-board__tile game-board__tile--static"
  >
    <div
      className="game-board__tile__card__face game-board__tile__card"
    >
      <div
        className="game-board__tile__card__face game-board__tile__card__face--front"
      />
    </div>
  </div>
  <div
    className="game-board__tile game-board__tile--static"
  >
    <div
      className="game-board__tile__card__face game-board__tile__card"
    >
      <div
        className="game-board__tile__card__face game-board__tile__card__face--front"
      />
    </div>
  </div>
  <div
    className="game-board__tile game-board__tile--static"
  >
    <div
      className="game-board__tile__card__face game-board__tile__card"
    >
      <div
        className="game-board__tile__card__face game-board__tile__card__face--front"
      />
    </div>
  </div>
  <div
    className="game-board__tile game-board__tile--static"
  >
    <div
      className="game-board__tile__card__face game-board__tile__card"
    >
      <div
        className="game-board__tile__card__face game-board__tile__card__face--front"
      />
    </div>
  </div>
  <div
    className="game-board__tile game-board__tile--static"
  >
    <div
      className="game-board__tile__card__face game-board__tile__card"
    >
      <div
        className="game-board__tile__card__face game-board__tile__card__face--front"
      />
    </div>
  </div>
  <div
    className="game-board__tile game-board__tile--static"
  >
    <div
      className="game-board__tile__card__face game-board__tile__card"
    >
      <div
        className="game-board__tile__card__face game-board__tile__card__face--front"
      />
    </div>
  </div>
  <div
    className="game-board__tile game-board__tile--static"
  >
    <div
      className="game-board__tile__card__face game-board__tile__card"
    >
      <div
        className="game-board__tile__card__face game-board__tile__card__face--front"
      />
    </div>
  </div>
  <div
    className="game-board__tile game-board__tile--static"
  >
    <div
      className="game-board__tile__card__face game-board__tile__card"
    >
      <div
        className="game-board__tile__card__face game-board__tile__card__face--front"
      />
    </div>
  </div>
  <div
    className="game-board__tile game-board__tile--static"
  >
    <div
      className="game-board__tile__card__face game-board__tile__card"
    >
      <div
        className="game-board__tile__card__face game-board__tile__card__face--front"
      />
    </div>
  </div>
  <div
    className="game-board__tile game-board__tile--static"
  >
    <div
      className="game-board__tile__card__face game-board__tile__card"
    >
      <div
        className="game-board__tile__card__face game-board__tile__card__face--front"
      />
    </div>
  </div>
  <div
    className="game-board__tile game-board__tile--static"
  >
    <div
      className="game-board__tile__card__face game-board__tile__card"
    >
      <div
        className="game-board__tile__card__face game-board__tile__card__face--front"
      />
    </div>
  </div>
  <div
    className="game-board__tile game-board__tile--static"
  >
    <div
      className="game-board__tile__card__face game-board__tile__card"
    >
      <div
        className="game-board__tile__card__face game-board__tile__card__face--front"
      />
    </div>
  </div>
  <div
    className="game-board__tile game-board__tile--static"
  >
    <div
      className="game-board__tile__card__face game-board__tile__card"
    >
      <div
        className="game-board__tile__card__face game-board__tile__card__face--front"
      />
    </div>
  </div>
  <div
    className="game-board__tile game-board__tile--static"
  >
    <div
      className="game-board__tile__card__face game-board__tile__card"
    >
      <div
        className="game-board__tile__card__face game-board__tile__card__face--front"
      />
    </div>
  </div>
  <div
    className="game-board__tile game-board__tile--static"
  >
    <div
      className="game-board__tile__card__face game-board__tile__card"
    >
      <div
        className="game-board__tile__card__face game-board__tile__card__face--front"
      />
    </div>
  </div>
  <div
    className="game-board__tile game-board__tile--static"
  >
    <div
      className="game-board__tile__card__face game-board__tile__card"
    >
      <div
        className="game-board__tile__card__face game-board__tile__card__face--front"
      />
    </div>
  </div>
</div>
`;
