// Jest Snapshot v1, https://goo.gl/fbAQLP

exports[`The GameHeader it renders 1`] = `
<div
  className="game-header"
>
  <h1
    className="game-header__heading"
  >
    Memory
  </h1>
  <div
    className="game-header__information"
  >
    <div>
      <button
        onClick={[Function]}
      >
        Reset Game
      </button>
    </div>
    <p>
      Level: 
      99
    </p>
  </div>
</div>
`;
