// Jest Snapshot v1, https://goo.gl/fbAQLP

exports[`The GameHeader it renders 1`] = `
<div
  className="game-header"
>
  <h1
    className="game-header__heading"
  >
    Memory
  </h1>
  <ul>
    <li>
      Level: 
      99
    </li>
    <li>
      <button
        onClick={[Function]}
      >
        New Game
      </button>
    </li>
  </ul>
</div>
`;
